// Jest Snapshot v1, https://goo.gl/fbAQLP

exports[`BSkeleton render correctly 1`] = `
<div class="b-skeleton">
    <div class="b-skeleton-item"></div>
</div>
`;
